---
source: src/analyze_ts_deps/tests.rs
expression: "BTreeMap::from_iter(result)"
---
{
    "./src/a.ts": FileDepsInfo {
        deps: {
            "./src/b.ts",
            "./src/c.ts",
            "./src/d.ts",
            "./src/e.ts",
            "./src/f.ts",
            "./src/g.ts",
            "./src/h.ts",
            "./src/i.ts",
            "./src/j.ts",
            "./src/k.ts",
            "./src/l.ts",
            "./src/m.ts",
            "./src/n.ts",
            "./src/o.ts",
            "./src/p.ts",
        },
        circular_deps: Some(
            [
                "./src/a.ts > |./src/b.ts| > ./src/c.ts > |./src/b.ts|",
                "./src/a.ts > |./src/b.ts| > ./src/c.ts > ./src/d.ts > |./src/b.ts|",
                "./src/a.ts > ./src/b.ts > |./src/c.ts| > ./src/d.ts > |./src/c.ts|",
                "./src/a.ts > ./src/b.ts > |./src/c.ts| > ./src/d.ts > ./src/e.ts > |./src/c.ts|",
                "./src/a.ts > ./src/b.ts > ./src/c.ts > |./src/d.ts| > ./src/e.ts > |./src/d.ts|",
                "./src/a.ts > ./src/b.ts > ./src/c.ts > |./src/d.ts| > ./src/e.ts > ./src/f.ts > |./src/d.ts|",
                "./src/a.ts > ./src/b.ts > ./src/c.ts > ./src/d.ts > |./src/e.ts| > ./src/f.ts > |./src/e.ts|",
                "./src/a.ts > ./src/b.ts > ./src/c.ts > ./src/d.ts > |./src/e.ts| > ./src/f.ts > ./src/g.ts > |./src/e.ts|",
                "./src/a.ts > ./src/b.ts > ./src/c.ts > ./src/d.ts > ./src/e.ts > |./src/f.ts| > ./src/g.ts > |./src/f.ts|",
                "./src/a.ts > ./src/b.ts > ./src/c.ts > ./src/d.ts > ./src/e.ts > |./src/f.ts| > ./src/g.ts > ./src/h.ts > |./src/f.ts|",
                "./src/a.ts > ./src/b.ts > ./src/c.ts > ./src/d.ts > ./src/e.ts > ./src/f.ts > |./src/g.ts| > ./src/h.ts > |./src/g.ts|",
                "./src/a.ts > ./src/b.ts > ./src/c.ts > ./src/d.ts > ./src/e.ts > ./src/f.ts > |./src/g.ts| > ./src/h.ts > ./src/i.ts > |./src/g.ts|",
                "./src/a.ts > ./src/b.ts > ./src/c.ts > ./src/d.ts > ./src/e.ts > ./src/f.ts > ./src/g.ts > |./src/h.ts| > ./src/i.ts > |./src/h.ts|",
                "./src/a.ts > ./src/b.ts > ./src/c.ts > ./src/d.ts > ./src/e.ts > ./src/f.ts > ./src/g.ts > |./src/h.ts| > ./src/i.ts > ./src/j.ts > |./src/h.ts|",
                "./src/a.ts > ./src/b.ts > ./src/c.ts > ./src/d.ts > ./src/e.ts > ./src/f.ts > ./src/g.ts > ./src/h.ts > |./src/i.ts| > ./src/j.ts > |./src/i.ts|",
                "./src/a.ts > ./src/b.ts > ./src/c.ts > ./src/d.ts > ./src/e.ts > ./src/f.ts > ./src/g.ts > ./src/h.ts > |./src/i.ts| > ./src/j.ts > ./src/k.ts > |./src/i.ts|",
                "./src/a.ts > ./src/b.ts > ./src/c.ts > ./src/d.ts > ./src/e.ts > ./src/f.ts > ./src/g.ts > ./src/h.ts > ./src/i.ts > |./src/j.ts| > ./src/k.ts > |./src/j.ts|",
                "./src/a.ts > ./src/b.ts > ./src/c.ts > ./src/d.ts > ./src/e.ts > ./src/f.ts > ./src/g.ts > ./src/h.ts > ./src/i.ts > |./src/j.ts| > ./src/k.ts > ./src/l.ts > |./src/j.ts|",
                "./src/a.ts > ./src/b.ts > ./src/c.ts > ./src/d.ts > ./src/e.ts > ./src/f.ts > ./src/g.ts > ./src/h.ts > ./src/i.ts > ./src/j.ts > |./src/k.ts| > ./src/l.ts > |./src/k.ts|",
                "./src/a.ts > ./src/b.ts > ./src/c.ts > ./src/d.ts > ./src/e.ts > ./src/f.ts > ./src/g.ts > ./src/h.ts > ./src/i.ts > ./src/j.ts > |./src/k.ts| > ./src/l.ts > ./src/m.ts > |./src/k.ts|",
                "./src/a.ts > ./src/b.ts > ./src/c.ts > ./src/d.ts > ./src/e.ts > ./src/f.ts > ./src/g.ts > ./src/h.ts > ./src/i.ts > ./src/j.ts > ./src/k.ts > |./src/l.ts| > ./src/m.ts > |./src/l.ts|",
                "./src/a.ts > ./src/b.ts > ./src/c.ts > ./src/d.ts > ./src/e.ts > ./src/f.ts > ./src/g.ts > ./src/h.ts > ./src/i.ts > ./src/j.ts > ./src/k.ts > |./src/l.ts| > ./src/m.ts > ./src/n.ts > |./src/l.ts|",
                "./src/a.ts > ./src/b.ts > ./src/c.ts > ./src/d.ts > ./src/e.ts > ./src/f.ts > ./src/g.ts > ./src/h.ts > ./src/i.ts > ./src/j.ts > ./src/k.ts > ./src/l.ts > |./src/m.ts| > ./src/n.ts > |./src/m.ts|",
                "./src/a.ts > ./src/b.ts > ./src/c.ts > ./src/d.ts > ./src/e.ts > ./src/f.ts > ./src/g.ts > ./src/h.ts > ./src/i.ts > ./src/j.ts > ./src/k.ts > ./src/l.ts > |./src/m.ts| > ./src/n.ts > ./src/o.ts > |./src/m.ts|",
                "./src/a.ts > ./src/b.ts > ./src/c.ts > ./src/d.ts > ./src/e.ts > ./src/f.ts > ./src/g.ts > ./src/h.ts > ./src/i.ts > ./src/j.ts > ./src/k.ts > ./src/l.ts > ./src/m.ts > |./src/n.ts| > ./src/o.ts > |./src/n.ts|",
                "./src/a.ts > ./src/b.ts > ./src/c.ts > ./src/d.ts > ./src/e.ts > ./src/f.ts > ./src/g.ts > ./src/h.ts > ./src/i.ts > ./src/j.ts > ./src/k.ts > ./src/l.ts > ./src/m.ts > |./src/n.ts| > ./src/o.ts > ./src/p.ts > |./src/n.ts|",
                "./src/a.ts > ./src/b.ts > ./src/c.ts > ./src/d.ts > ./src/e.ts > ./src/f.ts > ./src/g.ts > ./src/h.ts > ./src/i.ts > ./src/j.ts > ./src/k.ts > ./src/l.ts > ./src/m.ts > ./src/n.ts > |./src/o.ts| > ./src/p.ts > |./src/o.ts|",
                "./src/a.ts > ./src/b.ts > |./src/c.ts| > ./src/d.ts > ./src/e.ts > ./src/f.ts > ./src/g.ts > ./src/h.ts > ./src/i.ts > ./src/j.ts > ./src/k.ts > ./src/l.ts > ./src/m.ts > ./src/n.ts > ./src/o.ts > ./src/p.ts > |./src/c.ts|",
                "./src/a.ts > |./src/b.ts| > ./src/c.ts > ./src/d.ts > ./src/e.ts > ./src/f.ts > ./src/g.ts > ./src/h.ts > ./src/i.ts > ./src/j.ts > ./src/k.ts > ./src/l.ts > ./src/m.ts > ./src/n.ts > ./src/o.ts > |./src/b.ts|",
            ],
        ),
        imports: {
            "./src/b.ts": Import {
                import_path: "@src/b.ts",
                line: 1,
                values: SideEffect,
            },
            "./src/c.ts": Import {
                import_path: "@src/c.ts",
                line: 2,
                values: SideEffect,
            },
            "./src/p.ts": Import {
                import_path: "@src/p.ts",
                line: 3,
                values: SideEffect,
            },
        },
        exports: [],
    },
    "./src/b.ts": FileDepsInfo {
        deps: {
            "./src/c.ts",
            "./src/b.ts",
            "./src/d.ts",
            "./src/e.ts",
            "./src/f.ts",
            "./src/g.ts",
            "./src/h.ts",
            "./src/i.ts",
            "./src/j.ts",
            "./src/k.ts",
            "./src/l.ts",
            "./src/m.ts",
            "./src/n.ts",
            "./src/o.ts",
            "./src/p.ts",
        },
        circular_deps: Some(
            [
                "|./src/b.ts| > ./src/c.ts > |./src/b.ts|",
                "|./src/b.ts| > ./src/c.ts > ./src/d.ts > |./src/b.ts|",
                "./src/b.ts > |./src/c.ts| > ./src/d.ts > |./src/c.ts|",
                "./src/b.ts > |./src/c.ts| > ./src/d.ts > ./src/e.ts > |./src/c.ts|",
                "./src/b.ts > ./src/c.ts > |./src/d.ts| > ./src/e.ts > |./src/d.ts|",
                "./src/b.ts > ./src/c.ts > |./src/d.ts| > ./src/e.ts > ./src/f.ts > |./src/d.ts|",
                "./src/b.ts > ./src/c.ts > ./src/d.ts > |./src/e.ts| > ./src/f.ts > |./src/e.ts|",
                "./src/b.ts > ./src/c.ts > ./src/d.ts > |./src/e.ts| > ./src/f.ts > ./src/g.ts > |./src/e.ts|",
                "./src/b.ts > ./src/c.ts > ./src/d.ts > ./src/e.ts > |./src/f.ts| > ./src/g.ts > |./src/f.ts|",
                "./src/b.ts > ./src/c.ts > ./src/d.ts > ./src/e.ts > |./src/f.ts| > ./src/g.ts > ./src/h.ts > |./src/f.ts|",
                "./src/b.ts > ./src/c.ts > ./src/d.ts > ./src/e.ts > ./src/f.ts > |./src/g.ts| > ./src/h.ts > |./src/g.ts|",
                "./src/b.ts > ./src/c.ts > ./src/d.ts > ./src/e.ts > ./src/f.ts > |./src/g.ts| > ./src/h.ts > ./src/i.ts > |./src/g.ts|",
                "./src/b.ts > ./src/c.ts > ./src/d.ts > ./src/e.ts > ./src/f.ts > ./src/g.ts > |./src/h.ts| > ./src/i.ts > |./src/h.ts|",
                "./src/b.ts > ./src/c.ts > ./src/d.ts > ./src/e.ts > ./src/f.ts > ./src/g.ts > |./src/h.ts| > ./src/i.ts > ./src/j.ts > |./src/h.ts|",
                "./src/b.ts > ./src/c.ts > ./src/d.ts > ./src/e.ts > ./src/f.ts > ./src/g.ts > ./src/h.ts > |./src/i.ts| > ./src/j.ts > |./src/i.ts|",
                "./src/b.ts > ./src/c.ts > ./src/d.ts > ./src/e.ts > ./src/f.ts > ./src/g.ts > ./src/h.ts > |./src/i.ts| > ./src/j.ts > ./src/k.ts > |./src/i.ts|",
                "./src/b.ts > ./src/c.ts > ./src/d.ts > ./src/e.ts > ./src/f.ts > ./src/g.ts > ./src/h.ts > ./src/i.ts > |./src/j.ts| > ./src/k.ts > |./src/j.ts|",
                "./src/b.ts > ./src/c.ts > ./src/d.ts > ./src/e.ts > ./src/f.ts > ./src/g.ts > ./src/h.ts > ./src/i.ts > |./src/j.ts| > ./src/k.ts > ./src/l.ts > |./src/j.ts|",
                "./src/b.ts > ./src/c.ts > ./src/d.ts > ./src/e.ts > ./src/f.ts > ./src/g.ts > ./src/h.ts > ./src/i.ts > ./src/j.ts > |./src/k.ts| > ./src/l.ts > |./src/k.ts|",
                "./src/b.ts > ./src/c.ts > ./src/d.ts > ./src/e.ts > ./src/f.ts > ./src/g.ts > ./src/h.ts > ./src/i.ts > ./src/j.ts > |./src/k.ts| > ./src/l.ts > ./src/m.ts > |./src/k.ts|",
                "./src/b.ts > ./src/c.ts > ./src/d.ts > ./src/e.ts > ./src/f.ts > ./src/g.ts > ./src/h.ts > ./src/i.ts > ./src/j.ts > ./src/k.ts > |./src/l.ts| > ./src/m.ts > |./src/l.ts|",
                "./src/b.ts > ./src/c.ts > ./src/d.ts > ./src/e.ts > ./src/f.ts > ./src/g.ts > ./src/h.ts > ./src/i.ts > ./src/j.ts > ./src/k.ts > |./src/l.ts| > ./src/m.ts > ./src/n.ts > |./src/l.ts|",
                "./src/b.ts > ./src/c.ts > ./src/d.ts > ./src/e.ts > ./src/f.ts > ./src/g.ts > ./src/h.ts > ./src/i.ts > ./src/j.ts > ./src/k.ts > ./src/l.ts > |./src/m.ts| > ./src/n.ts > |./src/m.ts|",
                "./src/b.ts > ./src/c.ts > ./src/d.ts > ./src/e.ts > ./src/f.ts > ./src/g.ts > ./src/h.ts > ./src/i.ts > ./src/j.ts > ./src/k.ts > ./src/l.ts > |./src/m.ts| > ./src/n.ts > ./src/o.ts > |./src/m.ts|",
                "./src/b.ts > ./src/c.ts > ./src/d.ts > ./src/e.ts > ./src/f.ts > ./src/g.ts > ./src/h.ts > ./src/i.ts > ./src/j.ts > ./src/k.ts > ./src/l.ts > ./src/m.ts > |./src/n.ts| > ./src/o.ts > |./src/n.ts|",
                "./src/b.ts > ./src/c.ts > ./src/d.ts > ./src/e.ts > ./src/f.ts > ./src/g.ts > ./src/h.ts > ./src/i.ts > ./src/j.ts > ./src/k.ts > ./src/l.ts > ./src/m.ts > |./src/n.ts| > ./src/o.ts > ./src/p.ts > |./src/n.ts|",
                "./src/b.ts > ./src/c.ts > ./src/d.ts > ./src/e.ts > ./src/f.ts > ./src/g.ts > ./src/h.ts > ./src/i.ts > ./src/j.ts > ./src/k.ts > ./src/l.ts > ./src/m.ts > ./src/n.ts > |./src/o.ts| > ./src/p.ts > |./src/o.ts|",
                "./src/b.ts > |./src/c.ts| > ./src/d.ts > ./src/e.ts > ./src/f.ts > ./src/g.ts > ./src/h.ts > ./src/i.ts > ./src/j.ts > ./src/k.ts > ./src/l.ts > ./src/m.ts > ./src/n.ts > ./src/o.ts > ./src/p.ts > |./src/c.ts|",
                "|./src/b.ts| > ./src/c.ts > ./src/d.ts > ./src/e.ts > ./src/f.ts > ./src/g.ts > ./src/h.ts > ./src/i.ts > ./src/j.ts > ./src/k.ts > ./src/l.ts > ./src/m.ts > ./src/n.ts > ./src/o.ts > |./src/b.ts|",
            ],
        ),
        imports: {
            "./src/c.ts": Import {
                import_path: "@src/c.ts",
                line: 1,
                values: SideEffect,
            },
            "./src/d.ts": Import {
                import_path: "@src/d.ts",
                line: 2,
                values: SideEffect,
            },
        },
        exports: [],
    },
    "./src/c.ts": FileDepsInfo {
        deps: {
            "./src/b.ts",
            "./src/c.ts",
            "./src/d.ts",
            "./src/e.ts",
            "./src/f.ts",
            "./src/g.ts",
            "./src/h.ts",
            "./src/i.ts",
            "./src/j.ts",
            "./src/k.ts",
            "./src/l.ts",
            "./src/m.ts",
            "./src/n.ts",
            "./src/o.ts",
            "./src/p.ts",
        },
        circular_deps: Some(
            [
                "|./src/c.ts| > ./src/b.ts > |./src/c.ts|",
            ],
        ),
        imports: {
            "./src/b.ts": Import {
                import_path: "@src/b.ts",
                line: 1,
                values: SideEffect,
            },
            "./src/d.ts": Import {
                import_path: "@src/d.ts",
                line: 2,
                values: SideEffect,
            },
            "./src/e.ts": Import {
                import_path: "@src/e.ts",
                line: 3,
                values: SideEffect,
            },
        },
        exports: [],
    },
    "./src/d.ts": FileDepsInfo {
        deps: {
            "./src/b.ts",
            "./src/c.ts",
            "./src/d.ts",
            "./src/e.ts",
            "./src/f.ts",
            "./src/g.ts",
            "./src/h.ts",
            "./src/i.ts",
            "./src/j.ts",
            "./src/k.ts",
            "./src/l.ts",
            "./src/m.ts",
            "./src/n.ts",
            "./src/o.ts",
            "./src/p.ts",
        },
        circular_deps: Some(
            [
                "./src/d.ts > |./src/b.ts| > ./src/c.ts > |./src/b.ts|",
                "|./src/d.ts| > ./src/b.ts > ./src/c.ts > |./src/d.ts|",
            ],
        ),
        imports: {
            "./src/b.ts": Import {
                import_path: "@src/b.ts",
                line: 1,
                values: SideEffect,
            },
            "./src/c.ts": Import {
                import_path: "@src/c.ts",
                line: 2,
                values: SideEffect,
            },
            "./src/e.ts": Import {
                import_path: "@src/e.ts",
                line: 3,
                values: SideEffect,
            },
            "./src/f.ts": Import {
                import_path: "@src/f.ts",
                line: 4,
                values: SideEffect,
            },
        },
        exports: [],
    },
    "./src/e.ts": FileDepsInfo {
        deps: {
            "./src/c.ts",
            "./src/b.ts",
            "./src/d.ts",
            "./src/e.ts",
            "./src/f.ts",
            "./src/g.ts",
            "./src/h.ts",
            "./src/i.ts",
            "./src/j.ts",
            "./src/k.ts",
            "./src/l.ts",
            "./src/m.ts",
            "./src/n.ts",
            "./src/o.ts",
            "./src/p.ts",
        },
        circular_deps: Some(
            [
                "./src/e.ts > |./src/c.ts| > ./src/b.ts > |./src/c.ts|",
            ],
        ),
        imports: {
            "./src/c.ts": Import {
                import_path: "@src/c.ts",
                line: 1,
                values: SideEffect,
            },
            "./src/d.ts": Import {
                import_path: "@src/d.ts",
                line: 2,
                values: SideEffect,
            },
            "./src/f.ts": Import {
                import_path: "@src/f.ts",
                line: 3,
                values: SideEffect,
            },
            "./src/g.ts": Import {
                import_path: "@src/g.ts",
                line: 4,
                values: SideEffect,
            },
        },
        exports: [],
    },
    "./src/f.ts": FileDepsInfo {
        deps: {
            "./src/d.ts",
            "./src/b.ts",
            "./src/c.ts",
            "./src/e.ts",
            "./src/f.ts",
            "./src/g.ts",
            "./src/h.ts",
            "./src/i.ts",
            "./src/j.ts",
            "./src/k.ts",
            "./src/l.ts",
            "./src/m.ts",
            "./src/n.ts",
            "./src/o.ts",
            "./src/p.ts",
        },
        circular_deps: Some(
            [
                "./src/f.ts > ./src/d.ts > |./src/b.ts| > ./src/c.ts > |./src/b.ts|",
                "./src/f.ts > |./src/d.ts| > ./src/b.ts > ./src/c.ts > |./src/d.ts|",
            ],
        ),
        imports: {
            "./src/d.ts": Import {
                import_path: "@src/d.ts",
                line: 1,
                values: SideEffect,
            },
            "./src/e.ts": Import {
                import_path: "@src/e.ts",
                line: 2,
                values: SideEffect,
            },
            "./src/g.ts": Import {
                import_path: "@src/g.ts",
                line: 3,
                values: SideEffect,
            },
            "./src/h.ts": Import {
                import_path: "@src/h.ts",
                line: 4,
                values: SideEffect,
            },
        },
        exports: [],
    },
    "./src/g.ts": FileDepsInfo {
        deps: {
            "./src/e.ts",
            "./src/c.ts",
            "./src/b.ts",
            "./src/d.ts",
            "./src/f.ts",
            "./src/g.ts",
            "./src/h.ts",
            "./src/i.ts",
            "./src/j.ts",
            "./src/k.ts",
            "./src/l.ts",
            "./src/m.ts",
            "./src/n.ts",
            "./src/o.ts",
            "./src/p.ts",
        },
        circular_deps: Some(
            [
                "./src/g.ts > ./src/e.ts > |./src/c.ts| > ./src/b.ts > |./src/c.ts|",
            ],
        ),
        imports: {
            "./src/e.ts": Import {
                import_path: "@src/e.ts",
                line: 1,
                values: SideEffect,
            },
            "./src/f.ts": Import {
                import_path: "@src/f.ts",
                line: 2,
                values: SideEffect,
            },
            "./src/h.ts": Import {
                import_path: "@src/h.ts",
                line: 3,
                values: SideEffect,
            },
            "./src/i.ts": Import {
                import_path: "@src/i.ts",
                line: 4,
                values: SideEffect,
            },
        },
        exports: [],
    },
    "./src/h.ts": FileDepsInfo {
        deps: {
            "./src/f.ts",
            "./src/d.ts",
            "./src/b.ts",
            "./src/c.ts",
            "./src/e.ts",
            "./src/g.ts",
            "./src/h.ts",
            "./src/i.ts",
            "./src/j.ts",
            "./src/k.ts",
            "./src/l.ts",
            "./src/m.ts",
            "./src/n.ts",
            "./src/o.ts",
            "./src/p.ts",
        },
        circular_deps: Some(
            [
                "./src/h.ts > ./src/f.ts > ./src/d.ts > |./src/b.ts| > ./src/c.ts > |./src/b.ts|",
                "./src/h.ts > ./src/f.ts > |./src/d.ts| > ./src/b.ts > ./src/c.ts > |./src/d.ts|",
            ],
        ),
        imports: {
            "./src/f.ts": Import {
                import_path: "@src/f.ts",
                line: 1,
                values: SideEffect,
            },
            "./src/g.ts": Import {
                import_path: "@src/g.ts",
                line: 2,
                values: SideEffect,
            },
            "./src/i.ts": Import {
                import_path: "@src/i.ts",
                line: 3,
                values: SideEffect,
            },
            "./src/j.ts": Import {
                import_path: "@src/j.ts",
                line: 4,
                values: SideEffect,
            },
        },
        exports: [],
    },
    "./src/i.ts": FileDepsInfo {
        deps: {
            "./src/g.ts",
            "./src/e.ts",
            "./src/c.ts",
            "./src/b.ts",
            "./src/d.ts",
            "./src/f.ts",
            "./src/h.ts",
            "./src/i.ts",
            "./src/j.ts",
            "./src/k.ts",
            "./src/l.ts",
            "./src/m.ts",
            "./src/n.ts",
            "./src/o.ts",
            "./src/p.ts",
        },
        circular_deps: Some(
            [
                "./src/i.ts > ./src/g.ts > ./src/e.ts > |./src/c.ts| > ./src/b.ts > |./src/c.ts|",
            ],
        ),
        imports: {
            "./src/g.ts": Import {
                import_path: "@src/g.ts",
                line: 1,
                values: SideEffect,
            },
            "./src/h.ts": Import {
                import_path: "@src/h.ts",
                line: 2,
                values: SideEffect,
            },
            "./src/j.ts": Import {
                import_path: "@src/j.ts",
                line: 3,
                values: SideEffect,
            },
            "./src/k.ts": Import {
                import_path: "@src/k.ts",
                line: 4,
                values: SideEffect,
            },
        },
        exports: [],
    },
    "./src/j.ts": FileDepsInfo {
        deps: {
            "./src/h.ts",
            "./src/f.ts",
            "./src/d.ts",
            "./src/b.ts",
            "./src/c.ts",
            "./src/e.ts",
            "./src/g.ts",
            "./src/i.ts",
            "./src/j.ts",
            "./src/k.ts",
            "./src/l.ts",
            "./src/m.ts",
            "./src/n.ts",
            "./src/o.ts",
            "./src/p.ts",
        },
        circular_deps: Some(
            [
                "./src/j.ts > ./src/h.ts > ./src/f.ts > ./src/d.ts > |./src/b.ts| > ./src/c.ts > |./src/b.ts|",
                "./src/j.ts > ./src/h.ts > ./src/f.ts > |./src/d.ts| > ./src/b.ts > ./src/c.ts > |./src/d.ts|",
            ],
        ),
        imports: {
            "./src/h.ts": Import {
                import_path: "@src/h.ts",
                line: 1,
                values: SideEffect,
            },
            "./src/i.ts": Import {
                import_path: "@src/i.ts",
                line: 2,
                values: SideEffect,
            },
            "./src/k.ts": Import {
                import_path: "@src/k.ts",
                line: 3,
                values: SideEffect,
            },
            "./src/l.ts": Import {
                import_path: "@src/l.ts",
                line: 4,
                values: SideEffect,
            },
        },
        exports: [],
    },
    "./src/k.ts": FileDepsInfo {
        deps: {
            "./src/i.ts",
            "./src/g.ts",
            "./src/e.ts",
            "./src/c.ts",
            "./src/b.ts",
            "./src/d.ts",
            "./src/f.ts",
            "./src/h.ts",
            "./src/j.ts",
            "./src/k.ts",
            "./src/l.ts",
            "./src/m.ts",
            "./src/n.ts",
            "./src/o.ts",
            "./src/p.ts",
        },
        circular_deps: Some(
            [
                "./src/k.ts > ./src/i.ts > ./src/g.ts > ./src/e.ts > |./src/c.ts| > ./src/b.ts > |./src/c.ts|",
            ],
        ),
        imports: {
            "./src/i.ts": Import {
                import_path: "@src/i.ts",
                line: 1,
                values: SideEffect,
            },
            "./src/j.ts": Import {
                import_path: "@src/j.ts",
                line: 2,
                values: SideEffect,
            },
            "./src/l.ts": Import {
                import_path: "@src/l.ts",
                line: 3,
                values: SideEffect,
            },
            "./src/m.ts": Import {
                import_path: "@src/m.ts",
                line: 4,
                values: SideEffect,
            },
        },
        exports: [],
    },
    "./src/l.ts": FileDepsInfo {
        deps: {
            "./src/j.ts",
            "./src/h.ts",
            "./src/f.ts",
            "./src/d.ts",
            "./src/b.ts",
            "./src/c.ts",
            "./src/e.ts",
            "./src/g.ts",
            "./src/i.ts",
            "./src/k.ts",
            "./src/l.ts",
            "./src/m.ts",
            "./src/n.ts",
            "./src/o.ts",
            "./src/p.ts",
        },
        circular_deps: Some(
            [
                "./src/l.ts > ./src/j.ts > ./src/h.ts > ./src/f.ts > ./src/d.ts > |./src/b.ts| > ./src/c.ts > |./src/b.ts|",
                "./src/l.ts > ./src/j.ts > ./src/h.ts > ./src/f.ts > |./src/d.ts| > ./src/b.ts > ./src/c.ts > |./src/d.ts|",
            ],
        ),
        imports: {
            "./src/j.ts": Import {
                import_path: "@src/j.ts",
                line: 1,
                values: SideEffect,
            },
            "./src/k.ts": Import {
                import_path: "@src/k.ts",
                line: 2,
                values: SideEffect,
            },
            "./src/m.ts": Import {
                import_path: "@src/m.ts",
                line: 3,
                values: SideEffect,
            },
            "./src/n.ts": Import {
                import_path: "@src/n.ts",
                line: 4,
                values: SideEffect,
            },
        },
        exports: [],
    },
    "./src/m.ts": FileDepsInfo {
        deps: {
            "./src/k.ts",
            "./src/i.ts",
            "./src/g.ts",
            "./src/e.ts",
            "./src/c.ts",
            "./src/b.ts",
            "./src/d.ts",
            "./src/f.ts",
            "./src/h.ts",
            "./src/j.ts",
            "./src/l.ts",
            "./src/m.ts",
            "./src/n.ts",
            "./src/o.ts",
            "./src/p.ts",
        },
        circular_deps: Some(
            [
                "./src/m.ts > ./src/k.ts > ./src/i.ts > ./src/g.ts > ./src/e.ts > |./src/c.ts| > ./src/b.ts > |./src/c.ts|",
            ],
        ),
        imports: {
            "./src/k.ts": Import {
                import_path: "@src/k.ts",
                line: 1,
                values: SideEffect,
            },
            "./src/l.ts": Import {
                import_path: "@src/l.ts",
                line: 2,
                values: SideEffect,
            },
            "./src/n.ts": Import {
                import_path: "@src/n.ts",
                line: 3,
                values: SideEffect,
            },
            "./src/o.ts": Import {
                import_path: "@src/o.ts",
                line: 4,
                values: SideEffect,
            },
        },
        exports: [],
    },
    "./src/n.ts": FileDepsInfo {
        deps: {
            "./src/l.ts",
            "./src/j.ts",
            "./src/h.ts",
            "./src/f.ts",
            "./src/d.ts",
            "./src/b.ts",
            "./src/c.ts",
            "./src/e.ts",
            "./src/g.ts",
            "./src/i.ts",
            "./src/k.ts",
            "./src/m.ts",
            "./src/n.ts",
            "./src/o.ts",
            "./src/p.ts",
        },
        circular_deps: Some(
            [
                "./src/n.ts > ./src/l.ts > ./src/j.ts > ./src/h.ts > ./src/f.ts > ./src/d.ts > |./src/b.ts| > ./src/c.ts > |./src/b.ts|",
                "./src/n.ts > ./src/l.ts > ./src/j.ts > ./src/h.ts > ./src/f.ts > |./src/d.ts| > ./src/b.ts > ./src/c.ts > |./src/d.ts|",
            ],
        ),
        imports: {
            "./src/l.ts": Import {
                import_path: "@src/l.ts",
                line: 1,
                values: SideEffect,
            },
            "./src/m.ts": Import {
                import_path: "@src/m.ts",
                line: 2,
                values: SideEffect,
            },
            "./src/o.ts": Import {
                import_path: "@src/o.ts",
                line: 3,
                values: SideEffect,
            },
            "./src/p.ts": Import {
                import_path: "@src/p.ts",
                line: 4,
                values: SideEffect,
            },
        },
        exports: [],
    },
    "./src/o.ts": FileDepsInfo {
        deps: {
            "./src/m.ts",
            "./src/k.ts",
            "./src/i.ts",
            "./src/g.ts",
            "./src/e.ts",
            "./src/c.ts",
            "./src/b.ts",
            "./src/d.ts",
            "./src/f.ts",
            "./src/h.ts",
            "./src/j.ts",
            "./src/l.ts",
            "./src/n.ts",
            "./src/o.ts",
            "./src/p.ts",
        },
        circular_deps: Some(
            [
                "./src/o.ts > ./src/m.ts > ./src/k.ts > ./src/i.ts > ./src/g.ts > ./src/e.ts > |./src/c.ts| > ./src/b.ts > |./src/c.ts|",
            ],
        ),
        imports: {
            "./src/m.ts": Import {
                import_path: "@src/m.ts",
                line: 1,
                values: SideEffect,
            },
            "./src/n.ts": Import {
                import_path: "@src/n.ts",
                line: 2,
                values: SideEffect,
            },
            "./src/p.ts": Import {
                import_path: "@src/p.ts",
                line: 3,
                values: SideEffect,
            },
            "./src/b.ts": Import {
                import_path: "@src/b.ts",
                line: 4,
                values: SideEffect,
            },
        },
        exports: [],
    },
    "./src/p.ts": FileDepsInfo {
        deps: {
            "./src/n.ts",
            "./src/l.ts",
            "./src/j.ts",
            "./src/h.ts",
            "./src/f.ts",
            "./src/d.ts",
            "./src/b.ts",
            "./src/c.ts",
            "./src/e.ts",
            "./src/g.ts",
            "./src/i.ts",
            "./src/k.ts",
            "./src/m.ts",
            "./src/o.ts",
            "./src/p.ts",
        },
        circular_deps: Some(
            [
                "./src/p.ts > ./src/n.ts > ./src/l.ts > ./src/j.ts > ./src/h.ts > ./src/f.ts > ./src/d.ts > |./src/b.ts| > ./src/c.ts > |./src/b.ts|",
                "./src/p.ts > ./src/n.ts > ./src/l.ts > ./src/j.ts > ./src/h.ts > ./src/f.ts > |./src/d.ts| > ./src/b.ts > ./src/c.ts > |./src/d.ts|",
            ],
        ),
        imports: {
            "./src/n.ts": Import {
                import_path: "@src/n.ts",
                line: 1,
                values: SideEffect,
            },
            "./src/o.ts": Import {
                import_path: "@src/o.ts",
                line: 2,
                values: SideEffect,
            },
            "./src/c.ts": Import {
                import_path: "@src/c.ts",
                line: 3,
                values: SideEffect,
            },
        },
        exports: [],
    },
}
