---
source: src/analyze_ts_deps/tests.rs
assertion_line: 150
expression: results
---
{
    "./src/fileA.ts": DepsResult {
        deps: {
            "./src/fileC.ts",
        },
        circular_deps: None,
    },
    "./src/fileB.ts": DepsResult {
        deps: {
            "./src/fileC.ts",
        },
        circular_deps: None,
    },
    "./src/fileC.ts": DepsResult {
        deps: {},
        circular_deps: None,
    },
    "./src/index.ts": DepsResult {
        deps: {
            "./src/fileA.ts",
            "./src/fileC.ts",
            "./src/fileB.ts",
        },
        circular_deps: None,
    },
}
