---
source: src/analyze_ts_deps/tests.rs
assertion_line: 81
expression: "BTreeMap::from_iter(result)"
---
{
    "./src/fileA.ts": FileDepsInfo {
        deps: {},
        circular_deps: None,
        imports: {},
        exports: [
            Export {
                line: 2,
                name: "a",
            },
            Export {
                line: 3,
                name: "b",
            },
        ],
    },
    "./src/fileB.ts": FileDepsInfo {
        deps: {
            "./src/fileA.ts",
            "./src/img.svg",
        },
        circular_deps: None,
        imports: {
            "./src/fileA.ts": Import {
                import_path: "@src/fileA",
                line: 3,
                values: Named(
                    [
                        "a",
                        "b",
                    ],
                ),
            },
            "testLib": Import {
                import_path: "testLib",
                line: 4,
                values: Named(
                    [
                        "test",
                    ],
                ),
            },
            "./src/img.svg": Import {
                import_path: "@src/img.svg",
                line: 5,
                values: SideEffect,
            },
        },
        exports: [],
    },
    "./src/img.svg": FileDepsInfo {
        deps: {},
        circular_deps: None,
        imports: {},
        exports: [],
    },
    "./src/index.ts": FileDepsInfo {
        deps: {
            "./src/fileB.ts",
            "./src/fileA.ts",
            "./src/img.svg",
        },
        circular_deps: None,
        imports: {
            "./src/fileB.ts": Import {
                import_path: "@src/fileB",
                line: 1,
                values: SideEffect,
            },
        },
        exports: [],
    },
}
