---
source: src/analyze_ts_deps/tests.rs
expression: "BTreeMap::from_iter(result)"
---
{
    "./src/fileA.ts": FileDepsInfo {
        deps: {
            "./src/fileB.ts",
            "./src/fileA.ts",
        },
        circular_deps: Some(
            [
                "|./src/fileA.ts| > ./src/fileB.ts > |./src/fileA.ts|",
            ],
        ),
        imports: {
            "./src/fileB.ts": Import {
                import_path: "@src/fileB",
                line: 2,
                values: Named(
                    [
                        "c",
                    ],
                ),
            },
        },
        exports: [
            Export {
                line: 3,
                name: "a",
            },
            Export {
                line: 4,
                name: "b",
            },
        ],
    },
    "./src/fileB.ts": FileDepsInfo {
        deps: {
            "./src/fileA.ts",
            "./src/fileB.ts",
        },
        circular_deps: Some(
            [
                "|./src/fileB.ts| > ./src/fileA.ts > |./src/fileB.ts|",
            ],
        ),
        imports: {
            "./src/fileA.ts": Import {
                import_path: "@src/fileA",
                line: 3,
                values: Named(
                    [
                        "a",
                        "b",
                    ],
                ),
            },
            "testLib": Import {
                import_path: "testLib",
                line: 4,
                values: Named(
                    [
                        "test",
                    ],
                ),
            },
        },
        exports: [
            Export {
                line: 5,
                name: "c",
            },
        ],
    },
    "./src/index.ts": FileDepsInfo {
        deps: {
            "./src/fileB.ts",
            "./src/fileA.ts",
        },
        circular_deps: None,
        imports: {
            "./src/fileB.ts": Import {
                import_path: "@src/fileB",
                line: 1,
                values: SideEffect,
            },
        },
        exports: [],
    },
}
