---
source: src/analyze_ts_deps/tests.rs
expression: "BTreeMap::from_iter(result)"
---
{
    "./src/fileA.ts": FileDepsInfo {
        deps: {},
        has_circular_deps: false,
        imports: {},
        exports: [
            Export {
                line: 2,
                name: "a",
            },
            Export {
                line: 3,
                name: "b",
            },
        ],
    },
    "./src/fileB.ts": FileDepsInfo {
        deps: {
            "./src/fileA.ts",
        },
        has_circular_deps: false,
        imports: {
            "./src/fileA.ts": Import {
                import_path: "@src/fileA",
                line: 3,
                values: Named(
                    [
                        "a",
                        "b",
                    ],
                ),
            },
            "testLib": Import {
                import_path: "testLib",
                line: 4,
                values: Named(
                    [
                        "test",
                    ],
                ),
            },
        },
        exports: [],
    },
    "./src/index.ts": FileDepsInfo {
        deps: {
            "./src/fileA.ts",
            "./src/fileB.ts",
        },
        has_circular_deps: false,
        imports: {
            "./src/fileB.ts": Import {
                import_path: "@src/fileB",
                line: 1,
                values: SideEffect,
            },
        },
        exports: [],
    },
}
