---
source: src/analyze_ts_deps/tests.rs
expression: results
---
{
    "./src/1.ts": DepsResult {
        deps: {
            "./src/2.ts",
            "./src/3.ts",
            "./src/1.ts",
        },
        circular_deps: Some(
            [
                "|./src/1.ts| > ./src/2.ts > ./src/3.ts > |./src/1.ts|",
            ],
        ),
    },
    "./src/2.ts": DepsResult {
        deps: {
            "./src/3.ts",
            "./src/1.ts",
            "./src/2.ts",
        },
        circular_deps: Some(
            [
                "|./src/2.ts| > ./src/3.ts > ./src/1.ts > |./src/2.ts|",
            ],
        ),
    },
    "./src/3.ts": DepsResult {
        deps: {
            "./src/1.ts",
            "./src/2.ts",
            "./src/3.ts",
        },
        circular_deps: Some(
            [
                "|./src/3.ts| > ./src/1.ts > ./src/2.ts > |./src/3.ts|",
            ],
        ),
    },
    "./src/b.ts": DepsResult {
        deps: {
            "./src/d.ts",
            "./src/1.ts",
            "./src/2.ts",
            "./src/3.ts",
            "./src/e.ts",
            "./src/f.ts",
            "./src/b.ts",
        },
        circular_deps: Some(
            [
                "./src/b.ts > ./src/d.ts > |./src/1.ts| > ./src/2.ts > ./src/3.ts > |./src/1.ts|",
                "|./src/b.ts| > ./src/e.ts > ./src/f.ts > |./src/b.ts|",
            ],
        ),
    },
    "./src/c.ts": DepsResult {
        deps: {
            "./src/d.ts",
            "./src/1.ts",
            "./src/2.ts",
            "./src/3.ts",
        },
        circular_deps: Some(
            [
                "./src/c.ts > ./src/d.ts > |./src/1.ts| > ./src/2.ts > ./src/3.ts > |./src/1.ts|",
            ],
        ),
    },
    "./src/d.ts": DepsResult {
        deps: {
            "./src/1.ts",
            "./src/2.ts",
            "./src/3.ts",
        },
        circular_deps: Some(
            [
                "./src/d.ts > |./src/1.ts| > ./src/2.ts > ./src/3.ts > |./src/1.ts|",
            ],
        ),
    },
    "./src/e.ts": DepsResult {
        deps: {
            "./src/f.ts",
            "./src/b.ts",
            "./src/d.ts",
            "./src/1.ts",
            "./src/2.ts",
            "./src/3.ts",
            "./src/e.ts",
        },
        circular_deps: Some(
            [
                "./src/e.ts > ./src/f.ts > ./src/b.ts > ./src/d.ts > |./src/1.ts| > ./src/2.ts > ./src/3.ts > |./src/1.ts|",
                "|./src/e.ts| > ./src/f.ts > ./src/b.ts > |./src/e.ts|",
            ],
        ),
    },
    "./src/f.ts": DepsResult {
        deps: {
            "./src/b.ts",
            "./src/d.ts",
            "./src/1.ts",
            "./src/2.ts",
            "./src/3.ts",
            "./src/e.ts",
            "./src/f.ts",
        },
        circular_deps: Some(
            [
                "./src/f.ts > ./src/b.ts > ./src/d.ts > |./src/1.ts| > ./src/2.ts > ./src/3.ts > |./src/1.ts|",
                "|./src/f.ts| > ./src/b.ts > ./src/e.ts > |./src/f.ts|",
            ],
        ),
    },
    "./src/index.ts": DepsResult {
        deps: {
            "./src/b.ts",
            "./src/d.ts",
            "./src/1.ts",
            "./src/2.ts",
            "./src/3.ts",
            "./src/e.ts",
            "./src/f.ts",
            "./src/c.ts",
        },
        circular_deps: Some(
            [
                "./src/index.ts > ./src/b.ts > ./src/d.ts > |./src/1.ts| > ./src/2.ts > ./src/3.ts > |./src/1.ts|",
                "./src/index.ts > |./src/b.ts| > ./src/e.ts > ./src/f.ts > |./src/b.ts|",
                "./src/index.ts > ./src/c.ts > ./src/d.ts > |./src/1.ts| > ./src/2.ts > ./src/3.ts > |./src/1.ts|",
            ],
        ),
    },
}
