---
source: src/analyze_ts_deps/tests.rs
assertion_line: 307
expression: "BTreeMap::from_iter(result)"
---
{
    "./src/a.ts": FileDepsInfo {
        deps: {
            "./src/b.ts",
            "./src/c.ts",
            "./src/d.ts",
        },
        circular_deps: Some(
            [
                "./src/a.ts > |./src/b.ts| > ./src/c.ts > |./src/b.ts|",
            ],
        ),
        imports: {
            "./src/b.ts": Import {
                import_path: "@src/b.ts",
                line: 1,
                values: SideEffect,
            },
            "./src/c.ts": Import {
                import_path: "@src/c.ts",
                line: 2,
                values: SideEffect,
            },
        },
        exports: [],
    },
    "./src/b.ts": FileDepsInfo {
        deps: {
            "./src/c.ts",
            "./src/b.ts",
            "./src/d.ts",
        },
        circular_deps: Some(
            [
                "|./src/b.ts| > ./src/c.ts > |./src/b.ts|",
            ],
        ),
        imports: {
            "./src/c.ts": Import {
                import_path: "@src/c.ts",
                line: 1,
                values: SideEffect,
            },
            "./src/d.ts": Import {
                import_path: "@src/d.ts",
                line: 2,
                values: SideEffect,
            },
        },
        exports: [],
    },
    "./src/c.ts": FileDepsInfo {
        deps: {
            "./src/b.ts",
            "./src/c.ts",
            "./src/d.ts",
        },
        circular_deps: Some(
            [
                "|./src/c.ts| > ./src/b.ts > |./src/c.ts|",
            ],
        ),
        imports: {
            "./src/b.ts": Import {
                import_path: "@src/b.ts",
                line: 1,
                values: SideEffect,
            },
            "./src/d.ts": Import {
                import_path: "@src/d.ts",
                line: 2,
                values: SideEffect,
            },
        },
        exports: [],
    },
    "./src/d.ts": FileDepsInfo {
        deps: {},
        circular_deps: None,
        imports: {},
        exports: [],
    },
}
