---
source: src/analyze_ts_deps/tests.rs
expression: results
---
{
    "./src/a.ts": DepsResult {
        deps: {
            "./src/b.ts",
            "./src/c.ts",
            "./src/d.ts",
            "./src/e.ts",
            "./src/f.ts",
            "./src/g.ts",
            "./src/h.ts",
            "./src/i.ts",
            "./src/j.ts",
            "./src/k.ts",
            "./src/l.ts",
            "./src/m.ts",
            "./src/n.ts",
            "./src/o.ts",
            "./src/p.ts",
        },
        circular_deps: Some(
            [
                "./src/a.ts > |./src/b.ts| > ./src/c.ts > |./src/b.ts|",
                "./src/a.ts > |./src/b.ts| > ./src/c.ts > ./src/d.ts > |./src/b.ts|",
                "./src/a.ts > ./src/b.ts > |./src/c.ts| > ./src/d.ts > |./src/c.ts|",
                "./src/a.ts > ./src/b.ts > |./src/c.ts| > ./src/d.ts > ./src/e.ts > |./src/c.ts|",
                "./src/a.ts > ./src/b.ts > ./src/c.ts > |./src/d.ts| > ./src/e.ts > |./src/d.ts|",
                "./src/a.ts > ./src/b.ts > ./src/c.ts > |./src/d.ts| > ./src/e.ts > ./src/f.ts > |./src/d.ts|",
                "./src/a.ts > ./src/b.ts > ./src/c.ts > ./src/d.ts > |./src/e.ts| > ./src/f.ts > |./src/e.ts|",
                "./src/a.ts > ./src/b.ts > ./src/c.ts > ./src/d.ts > |./src/e.ts| > ./src/f.ts > ./src/g.ts > |./src/e.ts|",
                "./src/a.ts > ./src/b.ts > ./src/c.ts > ./src/d.ts > ./src/e.ts > |./src/f.ts| > ./src/g.ts > |./src/f.ts|",
                "./src/a.ts > ./src/b.ts > ./src/c.ts > ./src/d.ts > ./src/e.ts > |./src/f.ts| > ./src/g.ts > ./src/h.ts > |./src/f.ts|",
                "./src/a.ts > ./src/b.ts > ./src/c.ts > ./src/d.ts > ./src/e.ts > ./src/f.ts > |./src/g.ts| > ./src/h.ts > |./src/g.ts|",
                "./src/a.ts > ./src/b.ts > ./src/c.ts > ./src/d.ts > ./src/e.ts > ./src/f.ts > |./src/g.ts| > ./src/h.ts > ./src/i.ts > |./src/g.ts|",
                "./src/a.ts > ./src/b.ts > ./src/c.ts > ./src/d.ts > ./src/e.ts > ./src/f.ts > ./src/g.ts > |./src/h.ts| > ./src/i.ts > |./src/h.ts|",
                "./src/a.ts > ./src/b.ts > ./src/c.ts > ./src/d.ts > ./src/e.ts > ./src/f.ts > ./src/g.ts > |./src/h.ts| > ./src/i.ts > ./src/j.ts > |./src/h.ts|",
                "./src/a.ts > ./src/b.ts > ./src/c.ts > ./src/d.ts > ./src/e.ts > ./src/f.ts > ./src/g.ts > ./src/h.ts > |./src/i.ts| > ./src/j.ts > |./src/i.ts|",
                "./src/a.ts > ./src/b.ts > ./src/c.ts > ./src/d.ts > ./src/e.ts > ./src/f.ts > ./src/g.ts > ./src/h.ts > |./src/i.ts| > ./src/j.ts > ./src/k.ts > |./src/i.ts|",
                "./src/a.ts > ./src/b.ts > ./src/c.ts > ./src/d.ts > ./src/e.ts > ./src/f.ts > ./src/g.ts > ./src/h.ts > ./src/i.ts > |./src/j.ts| > ./src/k.ts > |./src/j.ts|",
                "./src/a.ts > ./src/b.ts > ./src/c.ts > ./src/d.ts > ./src/e.ts > ./src/f.ts > ./src/g.ts > ./src/h.ts > ./src/i.ts > |./src/j.ts| > ./src/k.ts > ./src/l.ts > |./src/j.ts|",
                "./src/a.ts > ./src/b.ts > ./src/c.ts > ./src/d.ts > ./src/e.ts > ./src/f.ts > ./src/g.ts > ./src/h.ts > ./src/i.ts > ./src/j.ts > |./src/k.ts| > ./src/l.ts > |./src/k.ts|",
                "./src/a.ts > ./src/b.ts > ./src/c.ts > ./src/d.ts > ./src/e.ts > ./src/f.ts > ./src/g.ts > ./src/h.ts > ./src/i.ts > ./src/j.ts > |./src/k.ts| > ./src/l.ts > ./src/m.ts > |./src/k.ts|",
                "./src/a.ts > ./src/b.ts > ./src/c.ts > ./src/d.ts > ./src/e.ts > ./src/f.ts > ./src/g.ts > ./src/h.ts > ./src/i.ts > ./src/j.ts > ./src/k.ts > |./src/l.ts| > ./src/m.ts > |./src/l.ts|",
                "./src/a.ts > ./src/b.ts > ./src/c.ts > ./src/d.ts > ./src/e.ts > ./src/f.ts > ./src/g.ts > ./src/h.ts > ./src/i.ts > ./src/j.ts > ./src/k.ts > |./src/l.ts| > ./src/m.ts > ./src/n.ts > |./src/l.ts|",
                "./src/a.ts > ./src/b.ts > ./src/c.ts > ./src/d.ts > ./src/e.ts > ./src/f.ts > ./src/g.ts > ./src/h.ts > ./src/i.ts > ./src/j.ts > ./src/k.ts > ./src/l.ts > |./src/m.ts| > ./src/n.ts > |./src/m.ts|",
                "./src/a.ts > ./src/b.ts > ./src/c.ts > ./src/d.ts > ./src/e.ts > ./src/f.ts > ./src/g.ts > ./src/h.ts > ./src/i.ts > ./src/j.ts > ./src/k.ts > ./src/l.ts > |./src/m.ts| > ./src/n.ts > ./src/o.ts > |./src/m.ts|",
                "./src/a.ts > ./src/b.ts > ./src/c.ts > ./src/d.ts > ./src/e.ts > ./src/f.ts > ./src/g.ts > ./src/h.ts > ./src/i.ts > ./src/j.ts > ./src/k.ts > ./src/l.ts > ./src/m.ts > |./src/n.ts| > ./src/o.ts > |./src/n.ts|",
                "./src/a.ts > ./src/b.ts > ./src/c.ts > ./src/d.ts > ./src/e.ts > ./src/f.ts > ./src/g.ts > ./src/h.ts > ./src/i.ts > ./src/j.ts > ./src/k.ts > ./src/l.ts > ./src/m.ts > |./src/n.ts| > ./src/o.ts > ./src/p.ts > |./src/n.ts|",
                "./src/a.ts > ./src/b.ts > ./src/c.ts > ./src/d.ts > ./src/e.ts > ./src/f.ts > ./src/g.ts > ./src/h.ts > ./src/i.ts > ./src/j.ts > ./src/k.ts > ./src/l.ts > ./src/m.ts > ./src/n.ts > |./src/o.ts| > ./src/p.ts > |./src/o.ts|",
                "./src/a.ts > ./src/b.ts > |./src/c.ts| > ./src/d.ts > ./src/e.ts > ./src/f.ts > ./src/g.ts > ./src/h.ts > ./src/i.ts > ./src/j.ts > ./src/k.ts > ./src/l.ts > ./src/m.ts > ./src/n.ts > ./src/o.ts > ./src/p.ts > |./src/c.ts|",
                "./src/a.ts > |./src/b.ts| > ./src/c.ts > ./src/d.ts > ./src/e.ts > ./src/f.ts > ./src/g.ts > ./src/h.ts > ./src/i.ts > ./src/j.ts > ./src/k.ts > ./src/l.ts > ./src/m.ts > ./src/n.ts > ./src/o.ts > |./src/b.ts|",
            ],
        ),
    },
    "./src/b.ts": DepsResult {
        deps: {
            "./src/c.ts",
            "./src/b.ts",
            "./src/d.ts",
            "./src/e.ts",
            "./src/f.ts",
            "./src/g.ts",
            "./src/h.ts",
            "./src/i.ts",
            "./src/j.ts",
            "./src/k.ts",
            "./src/l.ts",
            "./src/m.ts",
            "./src/n.ts",
            "./src/o.ts",
            "./src/p.ts",
        },
        circular_deps: Some(
            [
                "|./src/b.ts| > ./src/c.ts > |./src/b.ts|",
                "|./src/b.ts| > ./src/c.ts > ./src/d.ts > |./src/b.ts|",
                "./src/b.ts > |./src/c.ts| > ./src/d.ts > |./src/c.ts|",
                "./src/b.ts > |./src/c.ts| > ./src/d.ts > ./src/e.ts > |./src/c.ts|",
                "./src/b.ts > ./src/c.ts > |./src/d.ts| > ./src/e.ts > |./src/d.ts|",
                "./src/b.ts > ./src/c.ts > |./src/d.ts| > ./src/e.ts > ./src/f.ts > |./src/d.ts|",
                "./src/b.ts > ./src/c.ts > ./src/d.ts > |./src/e.ts| > ./src/f.ts > |./src/e.ts|",
                "./src/b.ts > ./src/c.ts > ./src/d.ts > |./src/e.ts| > ./src/f.ts > ./src/g.ts > |./src/e.ts|",
                "./src/b.ts > ./src/c.ts > ./src/d.ts > ./src/e.ts > |./src/f.ts| > ./src/g.ts > |./src/f.ts|",
                "./src/b.ts > ./src/c.ts > ./src/d.ts > ./src/e.ts > |./src/f.ts| > ./src/g.ts > ./src/h.ts > |./src/f.ts|",
                "./src/b.ts > ./src/c.ts > ./src/d.ts > ./src/e.ts > ./src/f.ts > |./src/g.ts| > ./src/h.ts > |./src/g.ts|",
                "./src/b.ts > ./src/c.ts > ./src/d.ts > ./src/e.ts > ./src/f.ts > |./src/g.ts| > ./src/h.ts > ./src/i.ts > |./src/g.ts|",
                "./src/b.ts > ./src/c.ts > ./src/d.ts > ./src/e.ts > ./src/f.ts > ./src/g.ts > |./src/h.ts| > ./src/i.ts > |./src/h.ts|",
                "./src/b.ts > ./src/c.ts > ./src/d.ts > ./src/e.ts > ./src/f.ts > ./src/g.ts > |./src/h.ts| > ./src/i.ts > ./src/j.ts > |./src/h.ts|",
                "./src/b.ts > ./src/c.ts > ./src/d.ts > ./src/e.ts > ./src/f.ts > ./src/g.ts > ./src/h.ts > |./src/i.ts| > ./src/j.ts > |./src/i.ts|",
                "./src/b.ts > ./src/c.ts > ./src/d.ts > ./src/e.ts > ./src/f.ts > ./src/g.ts > ./src/h.ts > |./src/i.ts| > ./src/j.ts > ./src/k.ts > |./src/i.ts|",
                "./src/b.ts > ./src/c.ts > ./src/d.ts > ./src/e.ts > ./src/f.ts > ./src/g.ts > ./src/h.ts > ./src/i.ts > |./src/j.ts| > ./src/k.ts > |./src/j.ts|",
                "./src/b.ts > ./src/c.ts > ./src/d.ts > ./src/e.ts > ./src/f.ts > ./src/g.ts > ./src/h.ts > ./src/i.ts > |./src/j.ts| > ./src/k.ts > ./src/l.ts > |./src/j.ts|",
                "./src/b.ts > ./src/c.ts > ./src/d.ts > ./src/e.ts > ./src/f.ts > ./src/g.ts > ./src/h.ts > ./src/i.ts > ./src/j.ts > |./src/k.ts| > ./src/l.ts > |./src/k.ts|",
                "./src/b.ts > ./src/c.ts > ./src/d.ts > ./src/e.ts > ./src/f.ts > ./src/g.ts > ./src/h.ts > ./src/i.ts > ./src/j.ts > |./src/k.ts| > ./src/l.ts > ./src/m.ts > |./src/k.ts|",
                "./src/b.ts > ./src/c.ts > ./src/d.ts > ./src/e.ts > ./src/f.ts > ./src/g.ts > ./src/h.ts > ./src/i.ts > ./src/j.ts > ./src/k.ts > |./src/l.ts| > ./src/m.ts > |./src/l.ts|",
                "./src/b.ts > ./src/c.ts > ./src/d.ts > ./src/e.ts > ./src/f.ts > ./src/g.ts > ./src/h.ts > ./src/i.ts > ./src/j.ts > ./src/k.ts > |./src/l.ts| > ./src/m.ts > ./src/n.ts > |./src/l.ts|",
                "./src/b.ts > ./src/c.ts > ./src/d.ts > ./src/e.ts > ./src/f.ts > ./src/g.ts > ./src/h.ts > ./src/i.ts > ./src/j.ts > ./src/k.ts > ./src/l.ts > |./src/m.ts| > ./src/n.ts > |./src/m.ts|",
                "./src/b.ts > ./src/c.ts > ./src/d.ts > ./src/e.ts > ./src/f.ts > ./src/g.ts > ./src/h.ts > ./src/i.ts > ./src/j.ts > ./src/k.ts > ./src/l.ts > |./src/m.ts| > ./src/n.ts > ./src/o.ts > |./src/m.ts|",
                "./src/b.ts > ./src/c.ts > ./src/d.ts > ./src/e.ts > ./src/f.ts > ./src/g.ts > ./src/h.ts > ./src/i.ts > ./src/j.ts > ./src/k.ts > ./src/l.ts > ./src/m.ts > |./src/n.ts| > ./src/o.ts > |./src/n.ts|",
                "./src/b.ts > ./src/c.ts > ./src/d.ts > ./src/e.ts > ./src/f.ts > ./src/g.ts > ./src/h.ts > ./src/i.ts > ./src/j.ts > ./src/k.ts > ./src/l.ts > ./src/m.ts > |./src/n.ts| > ./src/o.ts > ./src/p.ts > |./src/n.ts|",
                "./src/b.ts > ./src/c.ts > ./src/d.ts > ./src/e.ts > ./src/f.ts > ./src/g.ts > ./src/h.ts > ./src/i.ts > ./src/j.ts > ./src/k.ts > ./src/l.ts > ./src/m.ts > ./src/n.ts > |./src/o.ts| > ./src/p.ts > |./src/o.ts|",
                "./src/b.ts > |./src/c.ts| > ./src/d.ts > ./src/e.ts > ./src/f.ts > ./src/g.ts > ./src/h.ts > ./src/i.ts > ./src/j.ts > ./src/k.ts > ./src/l.ts > ./src/m.ts > ./src/n.ts > ./src/o.ts > ./src/p.ts > |./src/c.ts|",
                "|./src/b.ts| > ./src/c.ts > ./src/d.ts > ./src/e.ts > ./src/f.ts > ./src/g.ts > ./src/h.ts > ./src/i.ts > ./src/j.ts > ./src/k.ts > ./src/l.ts > ./src/m.ts > ./src/n.ts > ./src/o.ts > |./src/b.ts|",
            ],
        ),
    },
    "./src/c.ts": DepsResult {
        deps: {
            "./src/b.ts",
            "./src/c.ts",
            "./src/d.ts",
            "./src/e.ts",
            "./src/f.ts",
            "./src/g.ts",
            "./src/h.ts",
            "./src/i.ts",
            "./src/j.ts",
            "./src/k.ts",
            "./src/l.ts",
            "./src/m.ts",
            "./src/n.ts",
            "./src/o.ts",
            "./src/p.ts",
        },
        circular_deps: Some(
            [
                "|./src/c.ts| > ./src/b.ts > |./src/c.ts|",
            ],
        ),
    },
    "./src/d.ts": DepsResult {
        deps: {
            "./src/b.ts",
            "./src/c.ts",
            "./src/d.ts",
            "./src/e.ts",
            "./src/f.ts",
            "./src/g.ts",
            "./src/h.ts",
            "./src/i.ts",
            "./src/j.ts",
            "./src/k.ts",
            "./src/l.ts",
            "./src/m.ts",
            "./src/n.ts",
            "./src/o.ts",
            "./src/p.ts",
        },
        circular_deps: Some(
            [
                "./src/d.ts > |./src/b.ts| > ./src/c.ts > |./src/b.ts|",
                "|./src/d.ts| > ./src/b.ts > ./src/c.ts > |./src/d.ts|",
            ],
        ),
    },
    "./src/e.ts": DepsResult {
        deps: {
            "./src/c.ts",
            "./src/b.ts",
            "./src/d.ts",
            "./src/e.ts",
            "./src/f.ts",
            "./src/g.ts",
            "./src/h.ts",
            "./src/i.ts",
            "./src/j.ts",
            "./src/k.ts",
            "./src/l.ts",
            "./src/m.ts",
            "./src/n.ts",
            "./src/o.ts",
            "./src/p.ts",
        },
        circular_deps: Some(
            [
                "./src/e.ts > |./src/c.ts| > ./src/b.ts > |./src/c.ts|",
            ],
        ),
    },
    "./src/f.ts": DepsResult {
        deps: {
            "./src/d.ts",
            "./src/b.ts",
            "./src/c.ts",
            "./src/e.ts",
            "./src/f.ts",
            "./src/g.ts",
            "./src/h.ts",
            "./src/i.ts",
            "./src/j.ts",
            "./src/k.ts",
            "./src/l.ts",
            "./src/m.ts",
            "./src/n.ts",
            "./src/o.ts",
            "./src/p.ts",
        },
        circular_deps: Some(
            [
                "./src/f.ts > ./src/d.ts > |./src/b.ts| > ./src/c.ts > |./src/b.ts|",
                "./src/f.ts > |./src/d.ts| > ./src/b.ts > ./src/c.ts > |./src/d.ts|",
            ],
        ),
    },
    "./src/g.ts": DepsResult {
        deps: {
            "./src/e.ts",
            "./src/c.ts",
            "./src/b.ts",
            "./src/d.ts",
            "./src/f.ts",
            "./src/g.ts",
            "./src/h.ts",
            "./src/i.ts",
            "./src/j.ts",
            "./src/k.ts",
            "./src/l.ts",
            "./src/m.ts",
            "./src/n.ts",
            "./src/o.ts",
            "./src/p.ts",
        },
        circular_deps: Some(
            [
                "./src/g.ts > ./src/e.ts > |./src/c.ts| > ./src/b.ts > |./src/c.ts|",
            ],
        ),
    },
    "./src/h.ts": DepsResult {
        deps: {
            "./src/f.ts",
            "./src/d.ts",
            "./src/b.ts",
            "./src/c.ts",
            "./src/e.ts",
            "./src/g.ts",
            "./src/h.ts",
            "./src/i.ts",
            "./src/j.ts",
            "./src/k.ts",
            "./src/l.ts",
            "./src/m.ts",
            "./src/n.ts",
            "./src/o.ts",
            "./src/p.ts",
        },
        circular_deps: Some(
            [
                "./src/h.ts > ./src/f.ts > ./src/d.ts > |./src/b.ts| > ./src/c.ts > |./src/b.ts|",
                "./src/h.ts > ./src/f.ts > |./src/d.ts| > ./src/b.ts > ./src/c.ts > |./src/d.ts|",
            ],
        ),
    },
    "./src/i.ts": DepsResult {
        deps: {
            "./src/g.ts",
            "./src/e.ts",
            "./src/c.ts",
            "./src/b.ts",
            "./src/d.ts",
            "./src/f.ts",
            "./src/h.ts",
            "./src/i.ts",
            "./src/j.ts",
            "./src/k.ts",
            "./src/l.ts",
            "./src/m.ts",
            "./src/n.ts",
            "./src/o.ts",
            "./src/p.ts",
        },
        circular_deps: Some(
            [
                "./src/i.ts > ./src/g.ts > ./src/e.ts > |./src/c.ts| > ./src/b.ts > |./src/c.ts|",
            ],
        ),
    },
    "./src/j.ts": DepsResult {
        deps: {
            "./src/h.ts",
            "./src/f.ts",
            "./src/d.ts",
            "./src/b.ts",
            "./src/c.ts",
            "./src/e.ts",
            "./src/g.ts",
            "./src/i.ts",
            "./src/j.ts",
            "./src/k.ts",
            "./src/l.ts",
            "./src/m.ts",
            "./src/n.ts",
            "./src/o.ts",
            "./src/p.ts",
        },
        circular_deps: Some(
            [
                "./src/j.ts > ./src/h.ts > ./src/f.ts > ./src/d.ts > |./src/b.ts| > ./src/c.ts > |./src/b.ts|",
                "./src/j.ts > ./src/h.ts > ./src/f.ts > |./src/d.ts| > ./src/b.ts > ./src/c.ts > |./src/d.ts|",
            ],
        ),
    },
    "./src/k.ts": DepsResult {
        deps: {
            "./src/i.ts",
            "./src/g.ts",
            "./src/e.ts",
            "./src/c.ts",
            "./src/b.ts",
            "./src/d.ts",
            "./src/f.ts",
            "./src/h.ts",
            "./src/j.ts",
            "./src/k.ts",
            "./src/l.ts",
            "./src/m.ts",
            "./src/n.ts",
            "./src/o.ts",
            "./src/p.ts",
        },
        circular_deps: Some(
            [
                "./src/k.ts > ./src/i.ts > ./src/g.ts > ./src/e.ts > |./src/c.ts| > ./src/b.ts > |./src/c.ts|",
            ],
        ),
    },
    "./src/l.ts": DepsResult {
        deps: {
            "./src/j.ts",
            "./src/h.ts",
            "./src/f.ts",
            "./src/d.ts",
            "./src/b.ts",
            "./src/c.ts",
            "./src/e.ts",
            "./src/g.ts",
            "./src/i.ts",
            "./src/k.ts",
            "./src/l.ts",
            "./src/m.ts",
            "./src/n.ts",
            "./src/o.ts",
            "./src/p.ts",
        },
        circular_deps: Some(
            [
                "./src/l.ts > ./src/j.ts > ./src/h.ts > ./src/f.ts > ./src/d.ts > |./src/b.ts| > ./src/c.ts > |./src/b.ts|",
                "./src/l.ts > ./src/j.ts > ./src/h.ts > ./src/f.ts > |./src/d.ts| > ./src/b.ts > ./src/c.ts > |./src/d.ts|",
            ],
        ),
    },
    "./src/m.ts": DepsResult {
        deps: {
            "./src/k.ts",
            "./src/i.ts",
            "./src/g.ts",
            "./src/e.ts",
            "./src/c.ts",
            "./src/b.ts",
            "./src/d.ts",
            "./src/f.ts",
            "./src/h.ts",
            "./src/j.ts",
            "./src/l.ts",
            "./src/m.ts",
            "./src/n.ts",
            "./src/o.ts",
            "./src/p.ts",
        },
        circular_deps: Some(
            [
                "./src/m.ts > ./src/k.ts > ./src/i.ts > ./src/g.ts > ./src/e.ts > |./src/c.ts| > ./src/b.ts > |./src/c.ts|",
            ],
        ),
    },
    "./src/n.ts": DepsResult {
        deps: {
            "./src/l.ts",
            "./src/j.ts",
            "./src/h.ts",
            "./src/f.ts",
            "./src/d.ts",
            "./src/b.ts",
            "./src/c.ts",
            "./src/e.ts",
            "./src/g.ts",
            "./src/i.ts",
            "./src/k.ts",
            "./src/m.ts",
            "./src/n.ts",
            "./src/o.ts",
            "./src/p.ts",
        },
        circular_deps: Some(
            [
                "./src/n.ts > ./src/l.ts > ./src/j.ts > ./src/h.ts > ./src/f.ts > ./src/d.ts > |./src/b.ts| > ./src/c.ts > |./src/b.ts|",
                "./src/n.ts > ./src/l.ts > ./src/j.ts > ./src/h.ts > ./src/f.ts > |./src/d.ts| > ./src/b.ts > ./src/c.ts > |./src/d.ts|",
            ],
        ),
    },
    "./src/o.ts": DepsResult {
        deps: {
            "./src/m.ts",
            "./src/k.ts",
            "./src/i.ts",
            "./src/g.ts",
            "./src/e.ts",
            "./src/c.ts",
            "./src/b.ts",
            "./src/d.ts",
            "./src/f.ts",
            "./src/h.ts",
            "./src/j.ts",
            "./src/l.ts",
            "./src/n.ts",
            "./src/o.ts",
            "./src/p.ts",
        },
        circular_deps: Some(
            [
                "./src/o.ts > ./src/m.ts > ./src/k.ts > ./src/i.ts > ./src/g.ts > ./src/e.ts > |./src/c.ts| > ./src/b.ts > |./src/c.ts|",
            ],
        ),
    },
    "./src/p.ts": DepsResult {
        deps: {
            "./src/n.ts",
            "./src/l.ts",
            "./src/j.ts",
            "./src/h.ts",
            "./src/f.ts",
            "./src/d.ts",
            "./src/b.ts",
            "./src/c.ts",
            "./src/e.ts",
            "./src/g.ts",
            "./src/i.ts",
            "./src/k.ts",
            "./src/m.ts",
            "./src/o.ts",
            "./src/p.ts",
        },
        circular_deps: Some(
            [
                "./src/p.ts > ./src/n.ts > ./src/l.ts > ./src/j.ts > ./src/h.ts > ./src/f.ts > ./src/d.ts > |./src/b.ts| > ./src/c.ts > |./src/b.ts|",
                "./src/p.ts > ./src/n.ts > ./src/l.ts > ./src/j.ts > ./src/h.ts > ./src/f.ts > |./src/d.ts| > ./src/b.ts > ./src/c.ts > |./src/d.ts|",
            ],
        ),
    },
}
