---
source: src/load_folder_structure.rs
assertion_line: 223
expression: folder
---
Ok(
    Folder {
        name: "analyze_file_contents",
        childs: [
            Folder(
                Folder {
                    name: "dist",
                    childs: [
                        FileChild(
                            File {
                                basename: "test",
                                name_with_ext: "test.js",
                                content: Some(
                                    "const value = 'test';\n",
                                ),
                                extension: Some(
                                    "js",
                                ),
                                path: "./dist/test.js",
                            },
                        ),
                    ],
                },
            ),
            Folder(
                Folder {
                    name: "folder",
                    childs: [
                        FileChild(
                            File {
                                basename: "test",
                                name_with_ext: "test.js",
                                content: Some(
                                    "export const test2 = () => {\n  console.log('test2');\n}\n",
                                ),
                                extension: Some(
                                    "js",
                                ),
                                path: "./folder/test.js",
                            },
                        ),
                    ],
                },
            ),
            FileChild(
                File {
                    basename: "test",
                    name_with_ext: "test.md",
                    content: None,
                    extension: Some(
                        "md",
                    ),
                    path: "./test.md",
                },
            ),
        ],
    },
)
