---
source: src/load_folder_structure.rs
expression: folder
---
Ok(
    Folder {
        name: "analyze_file_contents",
        childs: [
            FileChild(
                File {
                    basename: "test",
                    name_with_ext: "test.md",
                    content: None,
                    extension: Some(
                        "md",
                    ),
                    relative_path: "./test.md",
                },
            ),
        ],
    },
)
